// Jest Snapshot v1, https://goo.gl/fbAQLP

exports[`should render AddExpensePage correctly 1`] = `ShallowWrapper {}`;
