// Jest Snapshot v1, https://goo.gl/fbAQLP

exports[`should render ExpenseListFilters correctly 1`] = `ShallowWrapper {}`;

exports[`should render ExpenseListFilters with alt data correctly 1`] = `ShallowWrapper {}`;
